---
source: crates/devc-tui/tests/snapshot_tests.rs
expression: output
---
┌ devc - Dev Container Manager ────────────────────────────────────────────────┐
│ 1:Containers  │  2:Providers  │  3:Settings                                  │
└──────────────────────────────────────────────────────────────────────────────┘
┌ Containers ──────────────────────────────────────────────────────────────────┐
│      Name                     Source   Status       Provider Workspace       │
│                                                                              │
│▶ ●   compose-app [compose:3]  devc     running      docker   /tmp/test       │
│  ●   standalone               devc     running      docker   /tmp/test       │
│                                                                              │
│                                                                              │
│                                                                              │
│                                                                              │
│                                                                              │
│                                                                              │
│                                                                              │
│                                                                              │
│                                                                              │
│                                                                              │
│                                                                              │
│                                                                              │
└──────────────────────────────────────────────────────────────────────────────┘
┌──────────────────────────────────────────────────────────────────────────────┐
│D: Discover  j/k: Navigate  Enter: Details  s: Stop  R: Rebuild  p: Ports  a: │
└──────────────────────────────────────────────────────────────────────────────┘
