---
source: crates/devc-tui/tests/snapshot_tests.rs
expression: output
---
┌ devc - D┌ my-rust-project ─────────────────────────────────────────┐─────────┐
│ 1:Contai│─── Identity ───                                          ▲         │
└─────────│Name:        my-rust-project                              █─────────┘
┌ Containe│Status:      running                                      █─────────┐
│      Nam│Provider:    docker                                       █ce       │
│         │Source:      Devc                                         █         │
│▶ ●   my-│ID:          test-my-rust-project                         █st       │
│         │                                                          █         │
│         │─── Workspace ───                                         █         │
│         │Workspace:   /tmp/test                                    █         │
│         │Config:      /tmp/test/.devcontainer/devcontainer.json    █         │
│         │                                                          █         │
│         │─── Runtime ───                                           █         │
│         │Image ID:    sha256:abc123                                ║         │
│         │Container ID: container-my-rust-project                   ║         │
│         │                                                          ▼         │
│         └──────────────────────────────────────────────────────────┘         │
│                                                                              │
│                                                                              │
│                                                                              │
└──────────────────────────────────────────────────────────────────────────────┘
┌──────────────────────────────────────────────────────────────────────────────┐
│j/k: Scroll  s: Stop  R: Rebuild  l: Logs  S: Shell  d: Delete  1-3: Switch ta│
└──────────────────────────────────────────────────────────────────────────────┘
